// Jest Snapshot v1, https://goo.gl/fbAQLP

exports[`ForecastSummaries matches snapshot 1`] = `
<DocumentFragment>
  <div
    class="forecast-summaries"
  >
    <div
      class="forecast-summary"
      data-testid="forecast-summary"
    >
      <div
        class="forecast-summary__date"
      >
        Thu Jan 01 1970
      </div>
      <div
        class="forecast-summary__icon"
        data-testid="forecast-icon"
      >
        <img
          alt="Stub description"
        />
      </div>
      <div
        class="forecast-summary__temperature"
      >
        22°C
      </div>
      <div
        class="forecast-summary__description"
      >
        Stub description
      </div>
    </div>
    <div
      class="forecast-summary"
      data-testid="forecast-summary"
    >
      <div
        class="forecast-summary__date"
      >
        Thu Jan 01 1970
      </div>
      <div
        class="forecast-summary__icon"
        data-testid="forecast-icon"
      >
        <img
          alt="Another stub description"
        />
      </div>
      <div
        class="forecast-summary__temperature"
      >
        25°C
      </div>
      <div
        class="forecast-summary__description"
      >
        Another stub description
      </div>
    </div>
  </div>
</DocumentFragment>
`;
