// Jest Snapshot v1, https://goo.gl/fbAQLP

exports[`ForecastSummary renders forecast summary 1`] = `undefined`;
